Change Physical Footprint: Designator=C1 Old Footprint=Cap_47uF_100uF New Footprint=Cap_47uF_100uF
Change Physical Footprint: Designator=C2 Old Footprint=RAD-0.3 New Footprint=RAD-0.3
Change Physical Footprint: Designator=C3 Old Footprint=C0805 New Footprint=C0805
Change Physical Footprint: Designator=C4 Old Footprint=Cap_47uF_100uF New Footprint=Cap_47uF_100uF
Change Physical Footprint: Designator=C5 Old Footprint=C0805 New Footprint=C0805
Change Physical Footprint: Designator=C6 Old Footprint=RAD-0.3 New Footprint=RAD-0.3
Change Physical Footprint: Designator=C7 Old Footprint=C0805 New Footprint=C0805
Change Physical Footprint: Designator=C8 Old Footprint=Cap_47uF_100uF New Footprint=Cap_47uF_100uF
Change Physical Footprint: Designator=C9 Old Footprint=C1210 New Footprint=C1210
Change Physical Footprint: Designator=C10 Old Footprint=Cap_47uF_100uF New Footprint=Cap_47uF_100uF
Change Physical Footprint: Designator=C11 Old Footprint=C0805 New Footprint=C0805
Change Physical Footprint: Designator=C12 Old Footprint=Cap_47uF_100uF New Footprint=Cap_47uF_100uF
Change Physical Footprint: Designator=C13 Old Footprint=Cap_47uF_100uF New Footprint=Cap_47uF_100uF
Change Physical Footprint: Designator=C14 Old Footprint=RAD-0.3 New Footprint=RAD-0.3
Change Physical Footprint: Designator=C15 Old Footprint=C0805 New Footprint=C0805
Change Physical Footprint: Designator=C16 Old Footprint=RAD-0.3 New Footprint=RAD-0.3
Change Physical Footprint: Designator=C17 Old Footprint=Cap_47uF_100uF New Footprint=Cap_47uF_100uF
Change Physical Footprint: Designator=C18 Old Footprint=C0805 New Footprint=C0805
Change Physical Footprint: Designator=C19 Old Footprint=RAD-0.3 New Footprint=RAD-0.3
Change Physical Footprint: Designator=C20 Old Footprint=Cap_47uF_100uF New Footprint=Cap_47uF_100uF
Change Physical Footprint: Designator=C21 Old Footprint=Cap_47uF_100uF New Footprint=Cap_47uF_100uF
Change Physical Footprint: Designator=C22 Old Footprint=C0805 New Footprint=C0805
Change Physical Footprint: Designator=C23 Old Footprint=C0805 New Footprint=C0805
Change Physical Footprint: Designator=C24 Old Footprint=RAD-0.3 New Footprint=RAD-0.3
Change Physical Footprint: Designator=C25 Old Footprint=RAD-0.3 New Footprint=RAD-0.3
Change Physical Footprint: Designator=C26 Old Footprint=C0805 New Footprint=C0805
Change Physical Footprint: Designator=C27 Old Footprint=rad-0.3 New Footprint=rad-0.3
Change Physical Footprint: Designator=D1 Old Footprint=DO-201AD New Footprint=DO-201AD
Change Physical Footprint: Designator=D2 Old Footprint=DO-201AD New Footprint=DO-201AD
Change Physical Footprint: Designator=D3 Old Footprint=DO-201AD New Footprint=DO-201AD
Change Physical Footprint: Designator=D4 Old Footprint=DO-201AD New Footprint=DO-201AD
Change Physical Footprint: Designator=D5 Old Footprint=led-0 New Footprint=led-0
Change Physical Footprint: Designator=D6 Old Footprint=led-0 New Footprint=led-0
Change Physical Footprint: Designator=D7 Old Footprint=led-0 New Footprint=led-0
Change Physical Footprint: Designator=D8 Old Footprint=led-0 New Footprint=led-0
Change Physical Footprint: Designator=H1 Old Footprint=Hole 125mil New Footprint=Hole 125mil
Change Physical Footprint: Designator=H2 Old Footprint=Hole 125mil New Footprint=Hole 125mil
Change Physical Footprint: Designator=H3 Old Footprint=Hole 125mil New Footprint=Hole 125mil
Change Physical Footprint: Designator=H4 Old Footprint=Hole 125mil New Footprint=Hole 125mil
Change Physical Footprint: Designator=J1 Old Footprint=CUI_PJ-002BH New Footprint=CUI_PJ-002BH
Change Physical Footprint: Designator=L1 Old Footprint=IND_VLS6045EX-6R8M New Footprint=IND_VLS6045EX-6R8M
Change Physical Footprint: Designator=P1 Old Footprint=HDR1X2 New Footprint=HDR1X2
Change Physical Footprint: Designator=P2 Old Footprint=HDR1X2 New Footprint=HDR1X2
Change Physical Footprint: Designator=P3 Old Footprint=HDR1X4 New Footprint=HDR1X4
Change Physical Footprint: Designator=P4 Old Footprint=HDR1X2 New Footprint=HDR1X2
Change Physical Footprint: Designator=P5 Old Footprint=HDR1X3 New Footprint=HDR1X3
Change Physical Footprint: Designator=P6 Old Footprint=HDR1X2 New Footprint=HDR1X2
Change Physical Footprint: Designator=P7 Old Footprint=HDR1X9 New Footprint=HDR1X9
Change Physical Footprint: Designator=P8 Old Footprint=HDR1X2 New Footprint=HDR1X2
Change Physical Footprint: Designator=P9 Old Footprint=HDR1X2 New Footprint=HDR1X2
Change Physical Footprint: Designator=P10 Old Footprint=HDR1X2 New Footprint=HDR1X2
Change Physical Footprint: Designator=P11 Old Footprint=HDR1X2 New Footprint=HDR1X2
Change Physical Footprint: Designator=P12 Old Footprint=HDR1X2 New Footprint=HDR1X2
Change Physical Footprint: Designator=Q1 Old Footprint=TO-220AB New Footprint=TO-220AB
Change Physical Footprint: Designator=R1 Old Footprint=AXIAL-0.3 New Footprint=AXIAL-0.3
Change Physical Footprint: Designator=R7 Old Footprint=AXIAL-0.3 New Footprint=AXIAL-0.3
Change Physical Footprint: Designator=R8 Old Footprint=AXIAL-0.3 New Footprint=AXIAL-0.3
Change Physical Footprint: Designator=R9 Old Footprint=RESC6432X90N New Footprint=RESC6432X90N
Change Physical Footprint: Designator=R10 Old Footprint=AXIAL-0.3 New Footprint=AXIAL-0.3
Change Physical Footprint: Designator=R11 Old Footprint=AXIAL-0.3 New Footprint=AXIAL-0.3
Change Physical Footprint: Designator=R12 Old Footprint=AXIAL-0.3 New Footprint=AXIAL-0.3
Change Physical Footprint: Designator=RT1 Old Footprint=AXIAL-0.3 New Footprint=AXIAL-0.3
Change Physical Footprint: Designator=U1 Old Footprint=SOT95P280X145-6N New Footprint=SOT95P280X145-6N
Change Physical Footprint: Designator=U2 Old Footprint=P-HSOP8-0405-1.27-002_TOS New Footprint=P-HSOP8-0405-1.27-002_TOS
Change Physical Footprint: Designator=U3 Old Footprint=QFN-16_3MM×3MM_MNP_MPS New Footprint=QFN-16_3MM×3MM_MNP_MPS
Change Physical Footprint: Designator=U4 Old Footprint=P-HSOP8-0405-1.27-002_TOS New Footprint=P-HSOP8-0405-1.27-002_TOS
Change Physical Footprint: Designator=U5 Old Footprint=P-HSOP8-0405-1.27-002_TOS New Footprint=P-HSOP8-0405-1.27-002_TOS
Change Physical Footprint: Designator=U6 Old Footprint=P-HSOP8-0405-1.27-002_TOS New Footprint=P-HSOP8-0405-1.27-002_TOS
