Removed Pin From Net: NetName=+3V3 Pin=R4-2
Removed Member From Class: ClassName=WirelessChargerTx Member=R4
Added Component: Designator=R?(AXIAL-0.3)
Add component (AddParameter): Name = "LatestRevisionDate"; Value = "17-Jul-2002"; VariantName = "[No Variations]"
Add component (AddParameter): Name = "LatestRevisionNote"; Value = "Re-released for DXP Platform."; VariantName = "[No Variations]"
Add component (AddParameter): Name = "PackageDescription"; Value = "Axial Device, Thru-Hole; 2 Leads; 0.3 in Pin Spacing"; VariantName = "[No Variations]"
Add component (AddParameter): Name = "PackageReference"; Value = "AXIAL-0.3"; VariantName = "[No Variations]"
Add component (AddParameter): Name = "Published"; Value = "8-Jun-2000"; VariantName = "[No Variations]"
Add component (AddParameter): Name = "Publisher"; Value = "Altium Limited"; VariantName = "[No Variations]"
Add component (AddParameter): Name = "Value"; Value = "10k"; VariantName = "[No Variations]"
Added Component: Designator=SW?(SW4_1825910-B_TEC)
Add component (AddParameter): Name = "Copyright"; Value = "Copyright (C) 2026 Ultra Librarian. All rights reserved."; VariantName = "[No Variations]"
Add component (AddParameter): Name = "Manufacturer_Name"; Value = "TE Connectivity"; VariantName = "[No Variations]"
Add component (AddParameter): Name = "Manufacturer_Part_Number"; Value = "1825910-6"; VariantName = "[No Variations]"
Add component (AddParameter): Name = "RefDes"; Value = "RefDes"; VariantName = "[No Variations]"
Add component (AddParameter): Name = "Type"; Value = "Type"; VariantName = "[No Variations]"
Added Pin To Net: NetName=+3V3 Pin=R?-2
Added Pin To Net: NetName=GND Pin=SW?-3
Added Pin To Net: NetName=GND Pin=SW?-4
Added Pin To Net: NetName=PB Pin=R?-1
Added Pin To Net: NetName=PB Pin=SW?-1
Added Pin To Net: NetName=PB Pin=SW?-2
Added Pin To Net: NetName=PB Pin=U2-21
Added Net: Name=PB
Added Member To Class: ClassName=WirelessChargerTx Member=Component R? Res1
Added Member To Class: ClassName=WirelessChargerTx Member=Component SW? 1825910-6
